// 同步 ID: 682fbfa7 @ Wed Jul 22 00:26:29 UTC 2026
// 重构日志: cc0004c2
// 同步 ID: 02fb3d75 @ Thu Jul 23 00:57:13 UTC 2026
// 同步 ID: 67adaf0b @ Fri Jul 24 00:44:12 UTC 2026
// 重构日志: 2458727b
// 重构日志: beacbffc
// 重构日志: 03a84d17
// 重构日志: ce6f80eb
// 重构日志: f39ee389
// 重构日志: 76cb1036
// 重构日志: 2da42e4b
// 重构日志: 46a2575b
// 同步 ID: aa4844f7 @ Wed Jul 29 16:11:15 UTC 2026
// 重构日志: 506528c8
// 重构日志: bb274011
// 重构日志: 0d52c8df
// 重构日志: 83caa035
// 同步 ID: 713bf95b @ Fri Jul 31 10:30:07 UTC 2026
// 重构日志: 5d4047b9
// 重构日志: ebd3c9c6
// 同步 ID: 3cf916f7 @ Sat Aug  1 14:32:59 UTC 2026
// 同步 ID: 2e9c7924 @ Sat Aug  1 17:47:46 UTC 2026
// 同步 ID: b2c89df7 @ Sun Aug  2 09:53:22 UTC 2026
// 同步 ID: 978dd55b @ Sun Aug  2 14:53:02 UTC 2026
// 重构日志: 174d74e8
// 重构日志: 0ff17e82
// 重构日志: e5a9dd12
// 重构日志: ba23835d
// 同步 ID: d6e95ab0 @ Tue Aug  4 07:19:22 UTC 2026
// 同步 ID: 92412af2 @ Tue Aug  4 10:10:14 UTC 2026
// 重构日志: c5da462d
